2026-07-11 04:00:42 push FAILED: error: RPC failed; HTTP 408 curl 22 The requested URL returned error: 408
send-pack: unexpected disconnect while reading sideband packet
fatal: the remote end hung up unexpectedly
Everything up-to-date
2026-07-12 04:00:56 pushed OK (ahead was 2131 commits)
2026-07-13 04:01:23 pushed OK (ahead was 1439 commits)
2026-07-14 04:00:44 pushed OK (ahead was 1439 commits)
2026-07-15 04:02:09 pushed OK (ahead was 1440 commits)
2026-07-16 04:01:06 pushed OK (ahead was 1440 commits)
2026-07-17 04:01:38 pushed OK (ahead was 1441 commits)
2026-07-18 04:01:11 pushed OK (ahead was 1440 commits)
2026-07-19 04:00:50 pushed OK (ahead was 1439 commits)
2026-07-20 04:01:50 pushed OK (ahead was 1440 commits)
2026-07-21 04:00:37 pushed OK (ahead was 211 commits)
2026-07-22 04:01:25 pushed OK (ahead was 1438 commits)
2026-07-23 04:00:53 pushed OK (ahead was 1439 commits)
2026-07-24 04:02:20 pushed OK (ahead was 1403 commits)
2026-07-25 04:02:25 push FAILED: error: RPC failed; curl 35 OpenSSL SSL_connect: SSL_ERROR_SYSCALL in connection to github.com:443 
send-pack: unexpected disconnect while reading sideband packet
fatal: the remote end hung up unexpectedly
Everything up-to-date
2026-07-26 04:00:29 pushed OK (ahead was 424 commits)
2026-07-27 04:02:08 pushed OK (ahead was 1426 commits)
2026-07-28 04:01:02 pushed OK (ahead was 1433 commits)
2026-07-29 04:01:20 pushed OK (ahead was 1439 commits)
2026-07-30 04:01:49 pushed OK (ahead was 1439 commits)
2026-07-31 04:03:56 pushed OK (ahead was 1440 commits)
2026-08-01 04:02:20 pushed OK (ahead was 1434 commits)
2026-08-02 04:01:48 pushed OK (ahead was 1439 commits)
2026-08-03 04:02:45 pushed OK (ahead was 1435 commits)
2026-08-04 04:00:58 pushed OK (ahead was 1437 commits)
2026-08-05 04:02:15 pushed OK (ahead was 1436 commits)
2026-08-06 04:00:58 pushed OK (ahead was 1436 commits)
2026-08-07 04:02:02 pushed OK (ahead was 1439 commits)
2026-08-08 04:02:58 pushed OK (ahead was 1438 commits)
2026-08-09 04:04:28 pushed OK (ahead was 1439 commits)
2026-08-10 04:02:52 pushed OK (ahead was 1434 commits)
2026-08-11 04:03:47 pushed OK (ahead was 1438 commits)
2026-08-12 04:06:58 pushed OK (ahead was 1432 commits)
2026-08-13 04:06:22 pushed OK (ahead was 1438 commits)
2026-08-14 04:01:59 pushed OK (ahead was 1432 commits)
2026-08-15 04:05:20 pushed OK (ahead was 1433 commits)
2026-08-16 04:07:34 pushed OK (ahead was 1437 commits)
2026-08-17 04:05:14 pushed OK (ahead was 1433 commits)
2026-08-18 04:02:01 push FAILED: error: RPC failed; HTTP 408 curl 22 The requested URL returned error: 408
send-pack: unexpected disconnect while reading sideband packet
fatal: the remote end hung up unexpectedly
Everything up-to-date
2026-08-19 04:04:58 push FAILED: error: RPC failed; HTTP 408 curl 22 The requested URL returned error: 408
send-pack: unexpected disconnect while reading sideband packet
fatal: the remote end hung up unexpectedly
Everything up-to-date
2026-08-21 04:05:20 pushed OK (ahead was 1437 commits)
2026-08-22 04:04:13 pushed OK (ahead was 1215 commits)
2026-08-23 04:00:02 nothing to push
2026-08-24 04:00:03 nothing to push
2026-08-25 04:00:02 nothing to push
2026-08-26 04:00:02 nothing to push
2026-08-27 04:00:02 nothing to push
2026-08-28 04:00:02 nothing to push
2026-08-28 12:10:53 committed hourly data
2026-08-28 12:11:20 pushed OK (ahead was 21 commits)
2026-08-28 13:00:01 committed hourly data
2026-08-28 13:00:18 pushed OK (ahead was 1 commits)
2026-08-28 14:00:01 committed hourly data
2026-08-28 14:00:06 push FAILED: fatal: unable to access 'https://github.com/OrekiYuta/router-metrics-monitor.git/': OpenSSL SSL_connect: SSL_ERROR_SYSCALL in connection to github.com:443
2026-08-28 15:00:02 committed hourly data
2026-08-28 15:00:07 pushed OK (ahead was 2 commits)
2026-08-28 16:00:02 committed hourly data
2026-08-28 16:00:13 pushed OK (ahead was 1 commits)
2026-08-28 17:00:02 committed hourly data
2026-08-28 17:00:07 pushed OK (ahead was 1 commits)
2026-08-28 18:00:02 committed hourly data
2026-08-28 18:00:09 pushed OK (ahead was 1 commits)
2026-08-28 19:00:01 committed hourly data
2026-08-28 19:00:06 pushed OK (ahead was 1 commits)
2026-08-28 20:00:01 committed hourly data
2026-08-28 20:00:06 push FAILED: fatal: unable to access 'https://github.com/OrekiYuta/router-metrics-monitor.git/': OpenSSL SSL_connect: SSL_ERROR_SYSCALL in connection to github.com:443
2026-08-28 21:00:01 committed hourly data
2026-08-28 21:00:06 pushed OK (ahead was 2 commits)
2026-08-28 22:00:03 committed hourly data
2026-08-28 22:00:09 pushed OK (ahead was 1 commits)
2026-08-28 23:00:01 committed hourly data
2026-08-28 23:00:08 pushed OK (ahead was 1 commits)
2026-08-29 00:00:01 committed hourly data
2026-08-29 00:00:10 pushed OK (ahead was 1 commits)
2026-08-29 01:00:01 committed hourly data
2026-08-29 01:00:06 pushed OK (ahead was 1 commits)
2026-08-29 02:00:01 committed hourly data
2026-08-29 02:00:10 pushed OK (ahead was 1 commits)
2026-08-29 03:00:02 committed hourly data
2026-08-29 03:00:08 pushed OK (ahead was 1 commits)
2026-08-29 04:00:03 committed hourly data
2026-08-29 04:00:09 pushed OK (ahead was 1 commits)
2026-08-29 05:00:03 committed hourly data
2026-08-29 05:00:10 pushed OK (ahead was 1 commits)
2026-08-29 06:00:03 committed hourly data
2026-08-29 06:00:12 pushed OK (ahead was 1 commits)
2026-08-29 07:00:03 committed hourly data
2026-08-29 07:00:10 pushed OK (ahead was 1 commits)
2026-08-29 08:00:03 committed hourly data
2026-08-29 08:00:09 pushed OK (ahead was 1 commits)
2026-08-29 09:00:03 committed hourly data
2026-08-29 09:00:09 pushed OK (ahead was 1 commits)
2026-08-29 10:00:03 committed hourly data
2026-08-29 10:00:08 pushed OK (ahead was 1 commits)
2026-08-29 11:00:03 committed hourly data
2026-08-29 11:00:09 pushed OK (ahead was 1 commits)
2026-08-29 12:00:03 committed hourly data
2026-08-29 12:00:09 pushed OK (ahead was 1 commits)
2026-08-29 13:00:03 committed hourly data
2026-08-29 13:00:08 pushed OK (ahead was 1 commits)
2026-08-29 14:00:01 committed hourly data
2026-08-29 14:00:12 pushed OK (ahead was 1 commits)
2026-08-29 15:00:01 committed hourly data
2026-08-29 15:00:08 pushed OK (ahead was 1 commits)
2026-08-29 16:00:01 committed hourly data
2026-08-29 16:00:10 pushed OK (ahead was 1 commits)
2026-08-29 17:00:03 committed hourly data
2026-08-29 17:00:09 pushed OK (ahead was 1 commits)
2026-08-29 18:00:03 committed hourly data
2026-08-29 18:00:14 pushed OK (ahead was 1 commits)
2026-08-29 19:00:01 committed hourly data
2026-08-29 19:00:11 pushed OK (ahead was 1 commits)
2026-08-29 20:00:01 committed hourly data
2026-08-29 20:00:06 pushed OK (ahead was 1 commits)
2026-08-29 21:00:03 committed hourly data
2026-08-29 21:00:07 pushed OK (ahead was 1 commits)
2026-08-29 22:00:03 committed hourly data
2026-08-29 22:00:07 pushed OK (ahead was 1 commits)
2026-08-29 23:00:03 committed hourly data
2026-08-29 23:00:07 pushed OK (ahead was 1 commits)
2026-08-30 00:00:03 committed hourly data
2026-08-30 00:00:08 pushed OK (ahead was 1 commits)
2026-08-30 01:00:03 committed hourly data
2026-08-30 01:00:08 pushed OK (ahead was 1 commits)
2026-08-30 02:00:03 committed hourly data
2026-08-30 02:00:09 pushed OK (ahead was 1 commits)
2026-08-30 03:00:02 committed hourly data
2026-08-30 03:00:07 pushed OK (ahead was 1 commits)
2026-08-30 04:00:03 committed hourly data
2026-08-30 04:00:08 pushed OK (ahead was 1 commits)
2026-08-30 05:00:04 committed hourly data
2026-08-30 05:00:09 pushed OK (ahead was 1 commits)
2026-08-30 06:00:04 committed hourly data
2026-08-30 06:00:09 pushed OK (ahead was 1 commits)
2026-08-30 07:00:04 committed hourly data
2026-08-30 07:00:11 pushed OK (ahead was 1 commits)
2026-08-30 08:00:04 committed hourly data
2026-08-30 08:00:09 pushed OK (ahead was 1 commits)
2026-08-30 09:00:04 committed hourly data
2026-08-30 09:00:11 pushed OK (ahead was 1 commits)
2026-08-30 10:00:04 committed hourly data
2026-08-30 10:00:09 pushed OK (ahead was 1 commits)
2026-08-30 11:00:04 committed hourly data
2026-08-30 11:00:12 pushed OK (ahead was 1 commits)
2026-08-30 12:00:03 committed hourly data
2026-08-30 12:00:09 pushed OK (ahead was 1 commits)
2026-08-30 13:00:03 committed hourly data
2026-08-30 13:00:09 pushed OK (ahead was 1 commits)
2026-08-30 14:00:04 committed hourly data
2026-08-30 14:00:12 pushed OK (ahead was 1 commits)
2026-08-30 15:00:04 committed hourly data
2026-08-30 15:00:09 pushed OK (ahead was 1 commits)
2026-08-30 16:00:04 committed hourly data
2026-08-30 16:00:12 pushed OK (ahead was 1 commits)
2026-08-30 17:00:04 committed hourly data
2026-08-30 17:00:09 push FAILED: fatal: unable to access 'https://github.com/OrekiYuta/router-metrics-monitor.git/': OpenSSL SSL_connect: SSL_ERROR_SYSCALL in connection to github.com:443
2026-08-30 18:00:04 committed hourly data
2026-08-30 18:00:10 pushed OK (ahead was 2 commits)
2026-08-30 19:00:05 committed hourly data
2026-08-30 19:00:11 pushed OK (ahead was 1 commits)
2026-08-30 20:00:05 committed hourly data
2026-08-30 20:00:10 pushed OK (ahead was 1 commits)
2026-08-30 21:00:04 committed hourly data
2026-08-30 21:00:10 pushed OK (ahead was 1 commits)
2026-08-30 22:00:01 committed hourly data
2026-08-30 22:00:07 pushed OK (ahead was 1 commits)
2026-08-30 23:00:02 committed hourly data
2026-08-30 23:00:07 pushed OK (ahead was 1 commits)
2026-08-31 00:00:04 committed hourly data
2026-08-31 00:00:14 pushed OK (ahead was 1 commits)
2026-08-31 01:00:05 committed hourly data
2026-08-31 01:00:10 pushed OK (ahead was 1 commits)
2026-08-31 02:00:56 committed hourly data
2026-08-31 02:01:22 pushed OK (ahead was 1 commits)
2026-08-31 03:00:07 committed hourly data
2026-08-31 03:00:14 pushed OK (ahead was 1 commits)
2026-08-31 04:00:04 committed hourly data
2026-08-31 04:00:11 pushed OK (ahead was 1 commits)
2026-08-31 05:00:05 committed hourly data
2026-08-31 05:00:10 pushed OK (ahead was 1 commits)
2026-08-31 06:00:04 committed hourly data
2026-08-31 06:00:10 pushed OK (ahead was 1 commits)
2026-08-31 07:00:02 committed hourly data
2026-08-31 07:00:07 pushed OK (ahead was 1 commits)
2026-08-31 08:00:04 committed hourly data
2026-08-31 08:00:10 pushed OK (ahead was 1 commits)
2026-08-31 09:00:01 committed hourly data
2026-08-31 09:00:07 pushed OK (ahead was 1 commits)
2026-08-31 10:00:01 committed hourly data
2026-08-31 10:00:06 pushed OK (ahead was 1 commits)
2026-08-31 11:00:04 committed hourly data
2026-08-31 11:00:10 pushed OK (ahead was 1 commits)
2026-08-31 12:00:05 committed hourly data
2026-08-31 12:00:09 pushed OK (ahead was 1 commits)
2026-08-31 13:00:04 committed hourly data
2026-08-31 13:00:09 pushed OK (ahead was 1 commits)
2026-08-31 14:00:02 committed hourly data
2026-08-31 14:00:10 pushed OK (ahead was 1 commits)
2026-08-31 15:00:01 committed hourly data
2026-08-31 15:00:07 pushed OK (ahead was 1 commits)
2026-08-31 16:00:01 committed hourly data
2026-08-31 16:00:07 pushed OK (ahead was 1 commits)
2026-08-31 17:00:01 committed hourly data
2026-08-31 17:00:06 pushed OK (ahead was 1 commits)
2026-08-31 18:00:01 committed hourly data
2026-08-31 18:00:06 pushed OK (ahead was 1 commits)
2026-08-31 19:00:01 committed hourly data
2026-08-31 19:00:07 pushed OK (ahead was 1 commits)
2026-08-31 20:00:01 committed hourly data
2026-08-31 20:00:06 pushed OK (ahead was 1 commits)
2026-08-31 21:00:01 committed hourly data
2026-08-31 21:00:06 pushed OK (ahead was 1 commits)
2026-08-31 22:00:05 committed hourly data
2026-08-31 22:00:12 pushed OK (ahead was 1 commits)
2026-08-31 23:00:04 committed hourly data
2026-08-31 23:00:12 pushed OK (ahead was 1 commits)
2026-09-01 00:00:04 committed hourly data
2026-09-01 00:00:13 pushed OK (ahead was 1 commits)
2026-09-01 01:00:04 committed hourly data
2026-09-01 01:00:11 pushed OK (ahead was 1 commits)
2026-09-01 02:00:01 committed hourly data
2026-09-01 02:00:08 pushed OK (ahead was 1 commits)
2026-09-01 03:00:02 committed hourly data
2026-09-01 03:00:13 pushed OK (ahead was 1 commits)
2026-09-01 04:00:04 committed hourly data
2026-09-01 04:00:10 pushed OK (ahead was 1 commits)
2026-09-01 05:00:06 committed hourly data
2026-09-01 05:00:11 pushed OK (ahead was 1 commits)
2026-09-01 06:00:02 committed hourly data
2026-09-01 06:00:08 pushed OK (ahead was 1 commits)
2026-09-01 07:00:04 committed hourly data
2026-09-01 07:00:10 pushed OK (ahead was 1 commits)
2026-09-01 08:00:04 committed hourly data
2026-09-01 08:00:11 pushed OK (ahead was 1 commits)
2026-09-01 09:00:04 committed hourly data
2026-09-01 09:00:10 pushed OK (ahead was 1 commits)
2026-09-01 10:00:04 committed hourly data
2026-09-01 10:00:10 pushed OK (ahead was 1 commits)
2026-09-01 11:00:01 committed hourly data
2026-09-01 11:00:07 pushed OK (ahead was 1 commits)
2026-09-01 12:00:01 committed hourly data
2026-09-01 12:00:08 pushed OK (ahead was 1 commits)
2026-09-01 13:00:01 committed hourly data
2026-09-01 13:00:07 pushed OK (ahead was 1 commits)
2026-09-01 14:00:02 committed hourly data
2026-09-01 14:00:07 pushed OK (ahead was 1 commits)
2026-09-01 15:00:01 committed hourly data
2026-09-01 15:00:07 pushed OK (ahead was 1 commits)
2026-09-01 16:00:01 committed hourly data
2026-09-01 16:00:18 pushed OK (ahead was 1 commits)
2026-09-01 17:00:01 committed hourly data
2026-09-01 17:00:12 pushed OK (ahead was 1 commits)
2026-09-01 18:00:04 committed hourly data
2026-09-01 18:00:09 push FAILED: fatal: unable to access 'https://github.com/OrekiYuta/router-metrics-monitor.git/': OpenSSL SSL_connect: SSL_ERROR_SYSCALL in connection to github.com:443
2026-09-01 19:00:04 committed hourly data
2026-09-01 19:00:13 pushed OK (ahead was 2 commits)
2026-09-01 20:00:07 committed hourly data
2026-09-01 20:00:12 push FAILED: fatal: unable to access 'https://github.com/OrekiYuta/router-metrics-monitor.git/': OpenSSL SSL_connect: SSL_ERROR_SYSCALL in connection to github.com:443
2026-09-01 21:00:06 committed hourly data
2026-09-01 21:00:27 pushed OK (ahead was 2 commits)
2026-09-01 22:00:05 committed hourly data
2026-09-01 22:00:12 pushed OK (ahead was 1 commits)
2026-09-01 23:00:06 committed hourly data
2026-09-01 23:00:14 pushed OK (ahead was 1 commits)
2026-09-02 00:00:02 committed hourly data
2026-09-02 00:00:09 pushed OK (ahead was 1 commits)
2026-09-02 01:00:01 committed hourly data
2026-09-02 01:00:10 pushed OK (ahead was 1 commits)
2026-09-02 02:00:01 committed hourly data
2026-09-02 02:00:07 push FAILED: fatal: unable to access 'https://github.com/OrekiYuta/router-metrics-monitor.git/': OpenSSL SSL_connect: SSL_ERROR_SYSCALL in connection to github.com:443
2026-09-02 03:00:02 committed hourly data
2026-09-02 03:00:07 push FAILED: fatal: unable to access 'https://github.com/OrekiYuta/router-metrics-monitor.git/': OpenSSL SSL_connect: SSL_ERROR_SYSCALL in connection to github.com:443
2026-09-02 04:00:01 committed hourly data
2026-09-02 04:00:07 push FAILED: fatal: unable to access 'https://github.com/OrekiYuta/router-metrics-monitor.git/': OpenSSL SSL_connect: SSL_ERROR_SYSCALL in connection to github.com:443
2026-09-02 05:00:01 committed hourly data
2026-09-02 05:00:07 push FAILED: fatal: unable to access 'https://github.com/OrekiYuta/router-metrics-monitor.git/': OpenSSL SSL_connect: SSL_ERROR_SYSCALL in connection to github.com:443
2026-09-02 06:00:01 committed hourly data
2026-09-02 06:00:07 push FAILED: fatal: unable to access 'https://github.com/OrekiYuta/router-metrics-monitor.git/': OpenSSL SSL_connect: SSL_ERROR_SYSCALL in connection to github.com:443
2026-09-02 07:00:01 committed hourly data
2026-09-02 07:00:06 push FAILED: fatal: unable to access 'https://github.com/OrekiYuta/router-metrics-monitor.git/': OpenSSL SSL_connect: SSL_ERROR_SYSCALL in connection to github.com:443
2026-09-02 08:00:01 committed hourly data
2026-09-02 08:00:10 pushed OK (ahead was 7 commits)
2026-09-02 09:00:02 committed hourly data
2026-09-02 09:00:06 pushed OK (ahead was 1 commits)
2026-09-02 10:00:02 committed hourly data
2026-09-02 10:00:07 pushed OK (ahead was 1 commits)
2026-09-02 11:00:05 committed hourly data
2026-09-02 11:00:11 pushed OK (ahead was 1 commits)
2026-09-02 12:00:08 committed hourly data
2026-09-02 12:00:13 pushed OK (ahead was 1 commits)
2026-09-02 13:00:06 committed hourly data
2026-09-02 13:00:12 pushed OK (ahead was 1 commits)
2026-09-02 14:00:06 committed hourly data
2026-09-02 14:00:11 pushed OK (ahead was 1 commits)
2026-09-02 15:00:02 committed hourly data
2026-09-02 15:00:08 pushed OK (ahead was 1 commits)
2026-09-02 16:00:05 committed hourly data
2026-09-02 16:00:11 pushed OK (ahead was 1 commits)
2026-09-02 17:00:05 committed hourly data
2026-09-02 17:00:18 pushed OK (ahead was 1 commits)
2026-09-02 18:00:02 committed hourly data
2026-09-02 18:00:08 pushed OK (ahead was 1 commits)
2026-09-02 19:00:05 committed hourly data
2026-09-02 19:00:11 pushed OK (ahead was 1 commits)
2026-09-02 20:00:02 committed hourly data
2026-09-02 20:00:09 pushed OK (ahead was 1 commits)
2026-09-02 21:00:03 committed hourly data
2026-09-02 21:00:09 pushed OK (ahead was 1 commits)
2026-09-02 22:00:02 committed hourly data
2026-09-02 22:00:09 pushed OK (ahead was 1 commits)
2026-09-02 23:00:02 committed hourly data
2026-09-02 23:00:09 pushed OK (ahead was 1 commits)
2026-09-03 00:00:02 committed hourly data
2026-09-03 00:00:09 pushed OK (ahead was 1 commits)
2026-09-03 01:00:04 committed hourly data
2026-09-03 01:00:10 pushed OK (ahead was 1 commits)
2026-09-03 02:00:02 committed hourly data
2026-09-03 02:00:08 pushed OK (ahead was 1 commits)
2026-09-03 03:00:09 committed hourly data
2026-09-03 03:00:17 pushed OK (ahead was 1 commits)
2026-09-03 04:00:06 committed hourly data
2026-09-03 04:00:11 pushed OK (ahead was 1 commits)
2026-09-03 05:00:07 committed hourly data
2026-09-03 05:00:12 pushed OK (ahead was 1 commits)
2026-09-03 06:00:06 committed hourly data
2026-09-03 06:00:11 pushed OK (ahead was 1 commits)
2026-09-03 07:00:05 committed hourly data
2026-09-03 07:00:10 pushed OK (ahead was 1 commits)
2026-09-03 08:00:02 committed hourly data
2026-09-03 08:00:07 pushed OK (ahead was 1 commits)
2026-09-03 09:00:02 committed hourly data
2026-09-03 09:00:07 pushed OK (ahead was 1 commits)
2026-09-03 10:00:05 committed hourly data
2026-09-03 10:00:09 pushed OK (ahead was 1 commits)
2026-09-03 11:00:05 committed hourly data
2026-09-03 11:00:10 pushed OK (ahead was 1 commits)
2026-09-03 12:00:06 committed hourly data
2026-09-03 12:00:11 pushed OK (ahead was 1 commits)
2026-09-03 13:00:06 committed hourly data
2026-09-03 13:00:12 pushed OK (ahead was 1 commits)
2026-09-03 14:00:05 committed hourly data
2026-09-03 14:00:10 pushed OK (ahead was 1 commits)
2026-09-03 15:00:03 committed hourly data
2026-09-03 15:00:07 pushed OK (ahead was 1 commits)
2026-09-03 16:00:02 committed hourly data
2026-09-03 16:00:07 pushed OK (ahead was 1 commits)
2026-09-03 17:00:06 committed hourly data
2026-09-03 17:00:11 pushed OK (ahead was 1 commits)
2026-09-03 18:00:06 committed hourly data
2026-09-03 18:00:11 pushed OK (ahead was 1 commits)
2026-09-03 19:00:06 committed hourly data
2026-09-03 19:00:11 pushed OK (ahead was 1 commits)
2026-09-03 20:00:07 committed hourly data
2026-09-03 20:00:12 pushed OK (ahead was 1 commits)
2026-09-03 21:00:02 committed hourly data
2026-09-03 21:00:07 pushed OK (ahead was 1 commits)
2026-09-03 22:00:02 committed hourly data
2026-09-03 22:00:08 pushed OK (ahead was 1 commits)
2026-09-03 23:00:02 committed hourly data
2026-09-03 23:00:08 pushed OK (ahead was 1 commits)
2026-09-04 00:00:03 committed hourly data
2026-09-04 00:00:09 pushed OK (ahead was 1 commits)
2026-09-04 01:00:02 committed hourly data
2026-09-04 01:00:07 pushed OK (ahead was 1 commits)
2026-09-04 02:00:02 committed hourly data
2026-09-04 02:00:07 pushed OK (ahead was 1 commits)
2026-09-04 03:00:09 committed hourly data
2026-09-04 03:00:16 pushed OK (ahead was 1 commits)
2026-09-04 04:00:06 committed hourly data
2026-09-04 04:00:10 pushed OK (ahead was 1 commits)
2026-09-04 05:00:02 committed hourly data
2026-09-04 05:00:07 pushed OK (ahead was 1 commits)
2026-09-04 06:00:03 committed hourly data
2026-09-04 06:00:07 pushed OK (ahead was 1 commits)
2026-09-04 07:00:03 committed hourly data
2026-09-04 07:00:07 pushed OK (ahead was 1 commits)
2026-09-04 08:00:02 committed hourly data
2026-09-04 08:00:07 pushed OK (ahead was 1 commits)
2026-09-04 09:00:02 committed hourly data
2026-09-04 09:00:07 pushed OK (ahead was 1 commits)
2026-09-04 10:00:07 committed hourly data
2026-09-04 10:00:12 pushed OK (ahead was 1 commits)
2026-09-04 11:00:07 committed hourly data
2026-09-04 11:00:11 pushed OK (ahead was 1 commits)
2026-09-04 12:00:07 committed hourly data
2026-09-04 12:00:12 pushed OK (ahead was 1 commits)
2026-09-04 13:00:06 committed hourly data
2026-09-04 13:00:11 pushed OK (ahead was 1 commits)
2026-09-04 14:00:06 committed hourly data
2026-09-04 14:00:12 push FAILED: fatal: unable to access 'https://github.com/OrekiYuta/router-metrics-monitor.git/': OpenSSL SSL_connect: SSL_ERROR_SYSCALL in connection to github.com:443
2026-09-04 15:00:04 committed hourly data
2026-09-04 15:00:12 pushed OK (ahead was 2 commits)
2026-09-04 16:00:04 committed hourly data
2026-09-04 16:00:09 pushed OK (ahead was 1 commits)
2026-09-04 17:00:04 committed hourly data
2026-09-04 17:00:11 pushed OK (ahead was 1 commits)
2026-09-04 18:00:04 committed hourly data
2026-09-04 18:00:09 pushed OK (ahead was 1 commits)
2026-09-04 19:01:58 committed hourly data
2026-09-04 19:02:02 pushed OK (ahead was 1 commits)
2026-09-04 20:00:05 committed hourly data
2026-09-04 20:00:11 pushed OK (ahead was 1 commits)
2026-09-04 21:00:05 committed hourly data
2026-09-04 21:00:11 pushed OK (ahead was 1 commits)
2026-09-04 22:00:04 committed hourly data
2026-09-04 22:00:10 pushed OK (ahead was 1 commits)
2026-09-04 23:00:02 committed hourly data
2026-09-04 23:00:12 pushed OK (ahead was 1 commits)
2026-09-05 00:00:02 committed hourly data
2026-09-05 00:00:08 pushed OK (ahead was 1 commits)
2026-09-05 01:00:02 committed hourly data
2026-09-05 01:00:07 pushed OK (ahead was 1 commits)
2026-09-05 02:00:04 committed hourly data
2026-09-05 02:00:10 pushed OK (ahead was 1 commits)
2026-09-05 03:00:05 committed hourly data
2026-09-05 03:00:10 pushed OK (ahead was 1 commits)
2026-09-05 04:00:04 committed hourly data
2026-09-05 04:00:10 pushed OK (ahead was 1 commits)
2026-09-05 05:00:04 committed hourly data
2026-09-05 05:00:09 pushed OK (ahead was 1 commits)
2026-09-05 06:00:04 committed hourly data
2026-09-05 06:00:09 pushed OK (ahead was 1 commits)
2026-09-05 07:00:04 committed hourly data
2026-09-05 07:00:09 pushed OK (ahead was 1 commits)
2026-09-05 08:00:04 committed hourly data
2026-09-05 08:00:09 pushed OK (ahead was 1 commits)
2026-09-05 09:00:04 committed hourly data
2026-09-05 09:00:10 pushed OK (ahead was 1 commits)
2026-09-05 10:00:04 committed hourly data
2026-09-05 10:00:08 pushed OK (ahead was 1 commits)
2026-09-05 11:00:04 committed hourly data
2026-09-05 11:00:10 pushed OK (ahead was 1 commits)
2026-09-05 12:00:04 committed hourly data
2026-09-05 12:00:09 pushed OK (ahead was 1 commits)
2026-09-05 13:00:04 committed hourly data
2026-09-05 13:00:09 pushed OK (ahead was 1 commits)
2026-09-05 14:00:02 committed hourly data
2026-09-05 14:00:06 pushed OK (ahead was 1 commits)
2026-09-05 15:00:04 committed hourly data
2026-09-05 15:00:10 push FAILED: fatal: unable to access 'https://github.com/OrekiYuta/router-metrics-monitor.git/': OpenSSL SSL_connect: SSL_ERROR_SYSCALL in connection to github.com:443
2026-09-05 16:00:05 committed hourly data
2026-09-05 16:00:11 pushed OK (ahead was 2 commits)
2026-09-05 17:00:04 committed hourly data
2026-09-05 17:00:08 pushed OK (ahead was 1 commits)
2026-09-05 18:00:03 committed hourly data
2026-09-05 18:00:08 pushed OK (ahead was 1 commits)
2026-09-05 19:00:04 committed hourly data
2026-09-05 19:00:08 pushed OK (ahead was 1 commits)
2026-09-05 20:00:04 committed hourly data
2026-09-05 20:00:09 pushed OK (ahead was 1 commits)
2026-09-05 21:00:04 committed hourly data
2026-09-05 21:00:09 pushed OK (ahead was 1 commits)
2026-09-05 22:00:04 committed hourly data
2026-09-05 22:00:09 pushed OK (ahead was 1 commits)
2026-09-05 23:00:05 committed hourly data
2026-09-05 23:00:10 pushed OK (ahead was 1 commits)
2026-09-06 00:00:04 committed hourly data
2026-09-06 00:00:09 pushed OK (ahead was 1 commits)
2026-09-06 01:00:04 committed hourly data
2026-09-06 01:00:12 pushed OK (ahead was 1 commits)
2026-09-06 02:00:02 committed hourly data
2026-09-06 02:00:07 pushed OK (ahead was 1 commits)
2026-09-06 03:00:06 committed hourly data
2026-09-06 03:00:17 pushed OK (ahead was 1 commits)
2026-09-06 04:00:06 committed hourly data
2026-09-06 04:00:15 pushed OK (ahead was 1 commits)
2026-09-06 05:00:02 committed hourly data
2026-09-06 05:00:07 pushed OK (ahead was 1 commits)
2026-09-06 06:00:03 committed hourly data
2026-09-06 06:00:07 pushed OK (ahead was 1 commits)
2026-09-06 07:00:03 committed hourly data
2026-09-06 07:00:08 pushed OK (ahead was 1 commits)
2026-09-06 08:00:03 committed hourly data
2026-09-06 08:00:08 pushed OK (ahead was 1 commits)
2026-09-06 09:00:02 committed hourly data
2026-09-06 09:00:07 pushed OK (ahead was 1 commits)
2026-09-06 10:00:01 committed hourly data
2026-09-06 10:00:07 pushed OK (ahead was 1 commits)
2026-09-06 11:00:01 committed hourly data
2026-09-06 11:00:09 pushed OK (ahead was 1 commits)
2026-09-06 12:00:01 committed hourly data
2026-09-06 12:00:08 pushed OK (ahead was 1 commits)
2026-09-06 13:00:01 committed hourly data
2026-09-06 13:00:08 pushed OK (ahead was 1 commits)
2026-09-06 14:00:01 committed hourly data
2026-09-06 14:00:07 pushed OK (ahead was 1 commits)
2026-09-06 15:00:01 committed hourly data
2026-09-06 15:00:06 pushed OK (ahead was 1 commits)
2026-09-06 16:00:01 committed hourly data
2026-09-06 16:00:07 pushed OK (ahead was 1 commits)
2026-09-06 17:00:05 committed hourly data
2026-09-06 17:00:10 pushed OK (ahead was 1 commits)
2026-09-06 18:00:04 committed hourly data
2026-09-06 18:00:10 pushed OK (ahead was 1 commits)
2026-09-06 19:00:04 committed hourly data
2026-09-06 19:00:08 pushed OK (ahead was 1 commits)
2026-09-06 20:00:04 committed hourly data
2026-09-06 20:00:09 pushed OK (ahead was 1 commits)
2026-09-06 21:00:05 committed hourly data
2026-09-06 21:00:10 pushed OK (ahead was 1 commits)
2026-09-06 22:00:02 committed hourly data
2026-09-06 22:00:08 pushed OK (ahead was 1 commits)
2026-09-06 23:00:04 committed hourly data
2026-09-06 23:00:10 pushed OK (ahead was 1 commits)
2026-09-07 00:00:04 committed hourly data
2026-09-07 00:00:09 pushed OK (ahead was 1 commits)
2026-09-07 01:00:03 committed hourly data
2026-09-07 01:00:08 pushed OK (ahead was 1 commits)
2026-09-07 02:00:01 committed hourly data
2026-09-07 02:00:06 pushed OK (ahead was 1 commits)
2026-09-07 03:00:05 committed hourly data
2026-09-07 03:00:11 pushed OK (ahead was 1 commits)
2026-09-07 04:00:04 committed hourly data
2026-09-07 04:00:08 pushed OK (ahead was 1 commits)
2026-09-07 05:00:04 committed hourly data
2026-09-07 05:00:09 pushed OK (ahead was 1 commits)
2026-09-07 06:00:03 committed hourly data
2026-09-07 06:00:08 pushed OK (ahead was 1 commits)
2026-09-07 07:00:04 committed hourly data
2026-09-07 07:00:08 pushed OK (ahead was 1 commits)
2026-09-07 08:00:03 committed hourly data
2026-09-07 08:00:09 pushed OK (ahead was 1 commits)
2026-09-07 09:00:03 committed hourly data
2026-09-07 09:00:08 pushed OK (ahead was 1 commits)
2026-09-07 10:00:05 committed hourly data
2026-09-07 10:00:10 pushed OK (ahead was 1 commits)
2026-09-07 11:00:04 committed hourly data
2026-09-07 11:00:09 pushed OK (ahead was 1 commits)
2026-09-07 12:00:01 committed hourly data
2026-09-07 12:00:06 pushed OK (ahead was 1 commits)
2026-09-07 13:00:01 committed hourly data
2026-09-07 13:00:06 pushed OK (ahead was 1 commits)
2026-09-07 14:00:01 committed hourly data
2026-09-07 14:00:12 pushed OK (ahead was 1 commits)
2026-09-07 15:00:01 committed hourly data
2026-09-07 15:00:06 pushed OK (ahead was 1 commits)
2026-09-07 16:00:04 committed hourly data
2026-09-07 16:00:09 pushed OK (ahead was 1 commits)
2026-09-07 17:00:04 committed hourly data
2026-09-07 17:00:09 pushed OK (ahead was 1 commits)
2026-09-07 18:00:03 committed hourly data
2026-09-07 18:00:08 pushed OK (ahead was 1 commits)
2026-09-07 19:00:04 committed hourly data
2026-09-07 19:00:09 pushed OK (ahead was 1 commits)
2026-09-07 20:00:04 committed hourly data
2026-09-07 20:00:09 pushed OK (ahead was 1 commits)
2026-09-07 21:00:03 committed hourly data
2026-09-07 21:00:12 pushed OK (ahead was 1 commits)
2026-09-07 22:00:04 committed hourly data
2026-09-07 22:00:09 push FAILED: fatal: unable to access 'https://github.com/OrekiYuta/router-metrics-monitor.git/': OpenSSL SSL_connect: SSL_ERROR_SYSCALL in connection to github.com:443
2026-09-07 23:00:01 committed hourly data
2026-09-07 23:00:07 pushed OK (ahead was 2 commits)
2026-09-08 00:00:03 committed hourly data
2026-09-08 00:00:10 pushed OK (ahead was 1 commits)
2026-09-08 01:00:03 committed hourly data
2026-09-08 01:00:08 pushed OK (ahead was 1 commits)
2026-09-08 02:00:04 committed hourly data
2026-09-08 02:00:09 pushed OK (ahead was 1 commits)
2026-09-08 03:00:05 committed hourly data
2026-09-08 03:00:14 pushed OK (ahead was 1 commits)
2026-09-08 04:00:02 committed hourly data
2026-09-08 04:00:06 pushed OK (ahead was 1 commits)
2026-09-08 05:00:04 committed hourly data
2026-09-08 05:00:09 pushed OK (ahead was 1 commits)
2026-09-08 06:00:04 committed hourly data
2026-09-08 06:00:09 pushed OK (ahead was 1 commits)
2026-09-08 07:00:04 committed hourly data
2026-09-08 07:00:09 pushed OK (ahead was 1 commits)
2026-09-08 08:00:03 committed hourly data
2026-09-08 08:00:08 pushed OK (ahead was 1 commits)
2026-09-08 09:00:01 committed hourly data
2026-09-08 09:00:06 pushed OK (ahead was 1 commits)
2026-09-08 10:00:01 committed hourly data
2026-09-08 10:00:06 pushed OK (ahead was 1 commits)
2026-09-08 11:00:01 committed hourly data
2026-09-08 11:00:07 pushed OK (ahead was 1 commits)
2026-09-08 12:00:02 committed hourly data
2026-09-08 12:00:06 pushed OK (ahead was 1 commits)
2026-09-08 13:00:01 committed hourly data
2026-09-08 13:00:06 pushed OK (ahead was 1 commits)
2026-09-08 14:00:01 committed hourly data
2026-09-08 14:00:06 pushed OK (ahead was 1 commits)
2026-09-08 15:00:01 committed hourly data
2026-09-08 15:00:06 pushed OK (ahead was 1 commits)
2026-09-08 16:00:01 committed hourly data
2026-09-08 16:00:09 pushed OK (ahead was 1 commits)
2026-09-08 17:00:01 committed hourly data
2026-09-08 17:00:06 pushed OK (ahead was 1 commits)
2026-09-08 18:00:04 committed hourly data
2026-09-08 18:00:12 pushed OK (ahead was 1 commits)
2026-09-08 19:00:03 committed hourly data
2026-09-08 19:00:10 pushed OK (ahead was 1 commits)
2026-09-08 20:00:01 committed hourly data
2026-09-08 20:00:08 pushed OK (ahead was 1 commits)
2026-09-08 21:00:01 committed hourly data
2026-09-08 21:00:13 pushed OK (ahead was 1 commits)
2026-09-08 22:00:01 committed hourly data
2026-09-08 22:00:08 pushed OK (ahead was 1 commits)
2026-09-08 23:00:01 committed hourly data
2026-09-08 23:00:08 pushed OK (ahead was 1 commits)
2026-09-09 00:00:01 committed hourly data
2026-09-09 00:00:07 pushed OK (ahead was 1 commits)
2026-09-09 01:00:04 committed hourly data
2026-09-09 01:00:12 pushed OK (ahead was 1 commits)
2026-09-09 02:00:05 committed hourly data
2026-09-09 02:00:10 pushed OK (ahead was 1 commits)
2026-09-09 03:00:07 committed hourly data
2026-09-09 03:00:12 pushed OK (ahead was 1 commits)
2026-09-09 04:00:06 committed hourly data
2026-09-09 04:00:13 pushed OK (ahead was 1 commits)
2026-09-09 05:00:04 committed hourly data
2026-09-09 05:00:10 pushed OK (ahead was 1 commits)
2026-09-09 06:00:01 committed hourly data
2026-09-09 06:00:07 pushed OK (ahead was 1 commits)
2026-09-09 07:00:02 committed hourly data
2026-09-09 07:00:08 pushed OK (ahead was 1 commits)
2026-09-09 08:00:04 committed hourly data
2026-09-09 08:00:09 pushed OK (ahead was 1 commits)
2026-09-09 09:00:04 committed hourly data
2026-09-09 09:00:09 pushed OK (ahead was 1 commits)
2026-09-09 10:00:04 committed hourly data
2026-09-09 10:00:13 pushed OK (ahead was 1 commits)
2026-09-09 11:00:02 committed hourly data
2026-09-09 11:00:07 pushed OK (ahead was 1 commits)
2026-09-09 12:00:05 committed hourly data
2026-09-09 12:00:10 pushed OK (ahead was 1 commits)
2026-09-09 13:00:04 committed hourly data
2026-09-09 13:00:12 pushed OK (ahead was 1 commits)
2026-09-09 14:00:04 committed hourly data
2026-09-09 14:00:10 pushed OK (ahead was 1 commits)
2026-09-09 15:00:01 committed hourly data
2026-09-09 15:00:07 push FAILED: fatal: unable to access 'https://github.com/OrekiYuta/router-metrics-monitor.git/': OpenSSL SSL_connect: SSL_ERROR_SYSCALL in connection to github.com:443
2026-09-09 16:00:01 committed hourly data
2026-09-09 16:00:10 pushed OK (ahead was 2 commits)
2026-09-09 17:00:01 committed hourly data
2026-09-09 17:00:06 pushed OK (ahead was 1 commits)
2026-09-09 18:00:02 committed hourly data
2026-09-09 18:00:08 pushed OK (ahead was 1 commits)
2026-09-09 19:00:01 committed hourly data
2026-09-09 19:00:07 pushed OK (ahead was 1 commits)
2026-09-09 20:00:02 committed hourly data
2026-09-09 20:00:07 push FAILED: fatal: unable to access 'https://github.com/OrekiYuta/router-metrics-monitor.git/': OpenSSL SSL_connect: SSL_ERROR_SYSCALL in connection to github.com:443
2026-09-09 21:00:04 committed hourly data
2026-09-09 21:00:17 pushed OK (ahead was 2 commits)
2026-09-09 22:00:03 committed hourly data
2026-09-09 22:00:09 pushed OK (ahead was 1 commits)
2026-09-09 23:00:03 committed hourly data
2026-09-09 23:00:11 pushed OK (ahead was 1 commits)
2026-09-10 00:00:04 committed hourly data
2026-09-10 00:00:14 pushed OK (ahead was 1 commits)
2026-09-10 01:00:03 committed hourly data
2026-09-10 01:00:14 pushed OK (ahead was 1 commits)
2026-09-10 02:00:04 committed hourly data
2026-09-10 02:00:10 pushed OK (ahead was 1 commits)
2026-09-10 03:00:02 committed hourly data
2026-09-10 03:00:08 pushed OK (ahead was 1 commits)
2026-09-10 04:00:04 committed hourly data
2026-09-10 04:00:11 pushed OK (ahead was 1 commits)
2026-09-10 05:00:05 committed hourly data
2026-09-10 05:00:11 pushed OK (ahead was 1 commits)
2026-09-10 06:00:04 committed hourly data
2026-09-10 06:00:09 pushed OK (ahead was 1 commits)
2026-09-10 07:00:04 committed hourly data
2026-09-10 07:00:09 pushed OK (ahead was 1 commits)
2026-09-10 08:00:04 committed hourly data
2026-09-10 08:00:08 pushed OK (ahead was 1 commits)
2026-09-10 09:00:04 committed hourly data
2026-09-10 09:00:09 pushed OK (ahead was 1 commits)
2026-09-10 10:00:04 committed hourly data
2026-09-10 10:00:08 pushed OK (ahead was 1 commits)
2026-09-10 11:00:04 committed hourly data
2026-09-10 11:00:09 pushed OK (ahead was 1 commits)
2026-09-10 12:00:04 committed hourly data
2026-09-10 12:00:09 pushed OK (ahead was 1 commits)
2026-09-10 13:00:04 committed hourly data
2026-09-10 13:00:09 pushed OK (ahead was 1 commits)
2026-09-10 14:00:01 committed hourly data
2026-09-10 14:00:07 pushed OK (ahead was 1 commits)
2026-09-10 15:00:01 committed hourly data
2026-09-10 15:00:08 pushed OK (ahead was 1 commits)
2026-09-10 16:00:01 committed hourly data
2026-09-10 16:00:06 pushed OK (ahead was 1 commits)
2026-09-10 17:00:04 committed hourly data
2026-09-10 17:00:10 pushed OK (ahead was 1 commits)
2026-09-10 18:00:01 committed hourly data
2026-09-10 18:00:06 pushed OK (ahead was 1 commits)
2026-09-10 19:00:01 committed hourly data
2026-09-10 19:00:06 pushed OK (ahead was 1 commits)
2026-09-10 20:00:01 committed hourly data
2026-09-10 20:00:10 pushed OK (ahead was 1 commits)
2026-09-10 21:00:01 committed hourly data
2026-09-10 21:00:08 pushed OK (ahead was 1 commits)
2026-09-10 22:00:02 committed hourly data
2026-09-10 22:00:08 pushed OK (ahead was 1 commits)
2026-09-10 23:00:01 committed hourly data
2026-09-10 23:00:11 pushed OK (ahead was 1 commits)
2026-09-11 00:00:01 committed hourly data
2026-09-11 00:00:08 pushed OK (ahead was 1 commits)
2026-09-11 01:00:04 committed hourly data
2026-09-11 01:00:10 pushed OK (ahead was 1 commits)
2026-09-11 02:00:04 committed hourly data
2026-09-11 02:00:10 pushed OK (ahead was 1 commits)
2026-09-11 03:00:02 committed hourly data
2026-09-11 03:00:08 pushed OK (ahead was 1 commits)
2026-09-11 04:00:01 committed hourly data
2026-09-11 04:00:06 pushed OK (ahead was 1 commits)
2026-09-11 05:00:04 committed hourly data
2026-09-11 05:00:09 pushed OK (ahead was 1 commits)
2026-09-11 06:00:04 committed hourly data
2026-09-11 06:00:09 pushed OK (ahead was 1 commits)
2026-09-11 07:00:03 committed hourly data
2026-09-11 07:00:08 pushed OK (ahead was 1 commits)
2026-09-11 08:00:04 committed hourly data
2026-09-11 08:00:09 pushed OK (ahead was 1 commits)
2026-09-11 09:00:02 committed hourly data
2026-09-11 09:00:07 pushed OK (ahead was 1 commits)
2026-09-11 10:00:04 committed hourly data
2026-09-11 10:00:08 pushed OK (ahead was 1 commits)
2026-09-11 11:00:04 committed hourly data
2026-09-11 11:00:09 pushed OK (ahead was 1 commits)
2026-09-11 12:00:02 committed hourly data
2026-09-11 12:00:07 pushed OK (ahead was 1 commits)
2026-09-11 13:00:05 committed hourly data
2026-09-11 13:00:11 pushed OK (ahead was 1 commits)
2026-09-11 14:00:01 committed hourly data
2026-09-11 14:01:22 pushed OK (ahead was 1 commits)
2026-09-11 15:00:02 committed hourly data
2026-09-11 15:00:14 pushed OK (ahead was 1 commits)
2026-09-11 16:00:01 committed hourly data
2026-09-11 16:00:08 pushed OK (ahead was 1 commits)
2026-09-11 17:00:02 committed hourly data
2026-09-11 17:00:08 pushed OK (ahead was 1 commits)
2026-09-11 18:00:01 committed hourly data
2026-09-11 18:00:07 pushed OK (ahead was 1 commits)
2026-09-11 19:00:07 committed hourly data
2026-09-11 19:00:17 pushed OK (ahead was 1 commits)
2026-09-11 20:00:03 committed hourly data
2026-09-11 20:00:08 pushed OK (ahead was 1 commits)
2026-09-11 21:00:02 committed hourly data
2026-09-11 21:00:08 push FAILED: fatal: unable to access 'https://github.com/OrekiYuta/router-metrics-monitor.git/': OpenSSL SSL_connect: SSL_ERROR_SYSCALL in connection to github.com:443
2026-09-11 22:00:02 committed hourly data
2026-09-11 22:00:08 pushed OK (ahead was 2 commits)
2026-09-11 23:00:06 committed hourly data
2026-09-11 23:00:11 pushed OK (ahead was 1 commits)
2026-09-12 00:00:06 committed hourly data
2026-09-12 00:00:14 pushed OK (ahead was 1 commits)
2026-09-12 01:00:03 committed hourly data
2026-09-12 01:00:08 pushed OK (ahead was 1 commits)
2026-09-12 02:00:06 committed hourly data
2026-09-12 02:00:11 pushed OK (ahead was 1 commits)
2026-09-12 03:00:08 committed hourly data
2026-09-12 03:00:16 pushed OK (ahead was 1 commits)
2026-09-12 04:00:06 committed hourly data
2026-09-12 04:00:11 pushed OK (ahead was 1 commits)
2026-09-12 05:00:03 committed hourly data
2026-09-12 05:00:09 pushed OK (ahead was 1 commits)
2026-09-12 06:00:02 committed hourly data
2026-09-12 06:00:07 pushed OK (ahead was 1 commits)
2026-09-12 07:00:02 committed hourly data
2026-09-12 07:00:07 pushed OK (ahead was 1 commits)
2026-09-12 08:00:02 committed hourly data
2026-09-12 08:00:08 pushed OK (ahead was 1 commits)
2026-09-12 09:00:02 committed hourly data
2026-09-12 09:00:06 pushed OK (ahead was 1 commits)
2026-09-12 10:00:02 committed hourly data
2026-09-12 10:00:06 pushed OK (ahead was 1 commits)
2026-09-12 11:00:02 committed hourly data
2026-09-12 11:00:08 pushed OK (ahead was 1 commits)
2026-09-12 12:00:02 committed hourly data
2026-09-12 12:00:07 push FAILED: fatal: unable to access 'https://github.com/OrekiYuta/router-metrics-monitor.git/': OpenSSL SSL_connect: SSL_ERROR_SYSCALL in connection to github.com:443
2026-09-12 13:00:02 committed hourly data
2026-09-12 13:00:07 push FAILED: fatal: unable to access 'https://github.com/OrekiYuta/router-metrics-monitor.git/': OpenSSL SSL_connect: SSL_ERROR_SYSCALL in connection to github.com:443
2026-09-12 14:00:02 committed hourly data
2026-09-12 14:00:10 pushed OK (ahead was 3 commits)
2026-09-12 15:00:04 committed hourly data
2026-09-12 15:00:10 pushed OK (ahead was 1 commits)
2026-09-12 16:00:03 committed hourly data
2026-09-12 16:00:09 push FAILED: fatal: unable to access 'https://github.com/OrekiYuta/router-metrics-monitor.git/': OpenSSL SSL_connect: SSL_ERROR_SYSCALL in connection to github.com:443
2026-09-12 17:00:02 committed hourly data
2026-09-12 17:00:10 pushed OK (ahead was 2 commits)
2026-09-12 18:00:02 committed hourly data
2026-09-12 18:00:16 pushed OK (ahead was 1 commits)
2026-09-12 19:00:02 committed hourly data
2026-09-12 19:00:08 pushed OK (ahead was 1 commits)
2026-09-12 20:00:02 committed hourly data
2026-09-12 20:00:06 pushed OK (ahead was 1 commits)
2026-09-12 21:00:04 committed hourly data
2026-09-12 21:00:09 pushed OK (ahead was 1 commits)
2026-09-12 22:00:05 committed hourly data
2026-09-12 22:00:10 pushed OK (ahead was 1 commits)
2026-09-12 23:00:02 committed hourly data
2026-09-12 23:00:08 pushed OK (ahead was 1 commits)
2026-09-13 00:00:02 committed hourly data
2026-09-13 00:00:08 pushed OK (ahead was 1 commits)
2026-09-13 01:00:05 committed hourly data
2026-09-13 01:00:11 push FAILED: fatal: unable to access 'https://github.com/OrekiYuta/router-metrics-monitor.git/': OpenSSL SSL_connect: SSL_ERROR_SYSCALL in connection to github.com:443
2026-09-13 02:00:02 committed hourly data
2026-09-13 02:00:10 pushed OK (ahead was 2 commits)
2026-09-13 03:00:05 committed hourly data
2026-09-13 03:00:16 pushed OK (ahead was 1 commits)
2026-09-13 04:00:04 committed hourly data
2026-09-13 04:00:11 pushed OK (ahead was 1 commits)
2026-09-13 05:00:05 committed hourly data
2026-09-13 05:00:11 pushed OK (ahead was 1 commits)
2026-09-13 06:00:04 committed hourly data
2026-09-13 06:00:10 pushed OK (ahead was 1 commits)
2026-09-13 07:00:04 committed hourly data
2026-09-13 07:00:09 pushed OK (ahead was 1 commits)
2026-09-13 08:00:03 committed hourly data
2026-09-13 08:00:08 pushed OK (ahead was 1 commits)
2026-09-13 09:00:03 committed hourly data
2026-09-13 09:00:08 pushed OK (ahead was 1 commits)
2026-09-13 10:00:03 committed hourly data
2026-09-13 10:00:08 pushed OK (ahead was 1 commits)
2026-09-13 11:00:03 committed hourly data
2026-09-13 11:00:08 pushed OK (ahead was 1 commits)
2026-09-13 12:00:03 committed hourly data
2026-09-13 12:00:08 pushed OK (ahead was 1 commits)
2026-09-13 13:00:03 committed hourly data
2026-09-13 13:00:11 pushed OK (ahead was 1 commits)
2026-09-13 19:38:06 committed hourly data
2026-09-13 19:38:11 pushed OK (ahead was 1 commits)
2026-09-13 20:00:02 committed hourly data
2026-09-13 20:00:06 pushed OK (ahead was 1 commits)
2026-09-13 21:00:05 committed hourly data
2026-09-13 21:00:11 pushed OK (ahead was 1 commits)
2026-09-13 22:00:02 committed hourly data
2026-09-13 22:00:07 pushed OK (ahead was 1 commits)
2026-09-13 23:00:04 committed hourly data
2026-09-13 23:00:11 pushed OK (ahead was 1 commits)
2026-09-14 00:00:04 committed hourly data
2026-09-14 00:00:09 pushed OK (ahead was 1 commits)
2026-09-14 01:00:07 committed hourly data
2026-09-14 01:00:14 push FAILED: fatal: unable to access 'https://github.com/OrekiYuta/router-metrics-monitor.git/': OpenSSL SSL_connect: SSL_ERROR_SYSCALL in connection to github.com:443
2026-09-14 02:00:02 committed hourly data
2026-09-14 02:00:08 pushed OK (ahead was 2 commits)
2026-09-14 03:00:08 committed hourly data
2026-09-14 03:00:13 pushed OK (ahead was 1 commits)
2026-09-14 04:00:02 committed hourly data
2026-09-14 04:00:07 pushed OK (ahead was 1 commits)
2026-09-14 05:00:02 committed hourly data
2026-09-14 05:00:06 pushed OK (ahead was 1 commits)
2026-09-14 06:00:02 committed hourly data
2026-09-14 06:00:06 pushed OK (ahead was 1 commits)
2026-09-14 07:00:02 committed hourly data
2026-09-14 07:00:07 pushed OK (ahead was 1 commits)
2026-09-14 08:00:02 committed hourly data
2026-09-14 08:00:07 push FAILED: fatal: unable to access 'https://github.com/OrekiYuta/router-metrics-monitor.git/': OpenSSL SSL_connect: SSL_ERROR_SYSCALL in connection to github.com:443
2026-09-14 09:00:02 committed hourly data
2026-09-14 09:00:11 pushed OK (ahead was 2 commits)
2026-09-14 10:00:02 committed hourly data
2026-09-14 10:00:07 pushed OK (ahead was 1 commits)
2026-09-14 11:00:02 committed hourly data
2026-09-14 11:00:07 pushed OK (ahead was 1 commits)
2026-09-14 12:00:02 committed hourly data
2026-09-14 12:00:12 pushed OK (ahead was 1 commits)
2026-09-14 13:00:02 committed hourly data
2026-09-14 13:00:06 pushed OK (ahead was 1 commits)
2026-09-14 14:00:02 committed hourly data
2026-09-14 14:00:07 pushed OK (ahead was 1 commits)
2026-09-14 15:00:05 committed hourly data
2026-09-14 15:00:10 pushed OK (ahead was 1 commits)
2026-09-14 16:00:05 committed hourly data
2026-09-14 16:00:10 pushed OK (ahead was 1 commits)
2026-09-14 17:00:02 committed hourly data
2026-09-14 17:00:06 pushed OK (ahead was 1 commits)
2026-09-14 18:00:04 committed hourly data
2026-09-14 18:00:11 pushed OK (ahead was 1 commits)
2026-09-14 19:00:02 committed hourly data
2026-09-14 19:00:07 pushed OK (ahead was 1 commits)
2026-09-14 20:00:02 committed hourly data
2026-09-14 20:00:07 pushed OK (ahead was 1 commits)
2026-09-14 21:00:02 committed hourly data
2026-09-14 21:00:07 pushed OK (ahead was 1 commits)
2026-09-14 22:00:02 committed hourly data
2026-09-14 22:00:11 pushed OK (ahead was 1 commits)
2026-09-14 23:00:02 committed hourly data
2026-09-14 23:00:09 pushed OK (ahead was 1 commits)
2026-09-15 00:00:04 committed hourly data
2026-09-15 00:00:10 pushed OK (ahead was 1 commits)
2026-09-15 01:00:06 committed hourly data
2026-09-15 01:00:12 pushed OK (ahead was 1 commits)
2026-09-15 02:00:05 committed hourly data
2026-09-15 02:00:12 pushed OK (ahead was 1 commits)
2026-09-15 03:00:06 committed hourly data
2026-09-15 03:00:13 pushed OK (ahead was 1 commits)
2026-09-15 04:00:05 committed hourly data
2026-09-15 04:00:11 pushed OK (ahead was 1 commits)
2026-09-15 05:00:05 committed hourly data
2026-09-15 05:00:10 pushed OK (ahead was 1 commits)
2026-09-15 06:00:02 committed hourly data
2026-09-15 06:00:07 pushed OK (ahead was 1 commits)
2026-09-15 07:00:06 committed hourly data
2026-09-15 07:00:12 pushed OK (ahead was 1 commits)
2026-09-15 08:00:02 committed hourly data
2026-09-15 08:00:07 pushed OK (ahead was 1 commits)
2026-09-15 09:00:02 committed hourly data
2026-09-15 09:00:07 pushed OK (ahead was 1 commits)
2026-09-15 10:00:06 committed hourly data
2026-09-15 10:00:11 pushed OK (ahead was 1 commits)
2026-09-15 11:00:02 committed hourly data
2026-09-15 11:00:07 pushed OK (ahead was 1 commits)
2026-09-15 12:00:03 committed hourly data
2026-09-15 12:00:11 pushed OK (ahead was 1 commits)
2026-09-15 13:00:02 committed hourly data
2026-09-15 13:00:07 pushed OK (ahead was 1 commits)
2026-09-15 14:00:04 committed hourly data
2026-09-15 14:00:10 pushed OK (ahead was 1 commits)
2026-09-15 15:00:04 committed hourly data
2026-09-15 15:00:09 pushed OK (ahead was 1 commits)
2026-09-15 16:00:04 committed hourly data
2026-09-15 16:00:09 push FAILED: fatal: unable to access 'https://github.com/OrekiYuta/router-metrics-monitor.git/': OpenSSL SSL_connect: SSL_ERROR_SYSCALL in connection to github.com:443
2026-09-15 17:00:04 committed hourly data
2026-09-15 17:00:11 pushed OK (ahead was 2 commits)
2026-09-15 18:00:04 committed hourly data
2026-09-15 18:00:09 pushed OK (ahead was 1 commits)
2026-09-15 19:00:04 committed hourly data
2026-09-15 19:00:09 pushed OK (ahead was 1 commits)
2026-09-15 20:00:06 committed hourly data
2026-09-15 20:00:17 pushed OK (ahead was 1 commits)
2026-09-15 21:00:02 committed hourly data
2026-09-15 21:00:08 pushed OK (ahead was 1 commits)
2026-09-15 22:00:05 committed hourly data
2026-09-15 22:00:11 pushed OK (ahead was 1 commits)
2026-09-15 23:00:02 committed hourly data
2026-09-15 23:00:09 pushed OK (ahead was 1 commits)
2026-09-16 00:00:07 committed hourly data
2026-09-16 00:00:15 pushed OK (ahead was 1 commits)
2026-09-16 01:00:02 committed hourly data
2026-09-16 01:00:07 pushed OK (ahead was 1 commits)
2026-09-16 02:00:06 committed hourly data
2026-09-16 02:00:12 pushed OK (ahead was 1 commits)
2026-09-16 03:00:08 committed hourly data
2026-09-16 03:00:13 pushed OK (ahead was 1 commits)
2026-09-16 04:00:02 committed hourly data
2026-09-16 04:00:08 pushed OK (ahead was 1 commits)
2026-09-16 05:00:06 committed hourly data
2026-09-16 05:00:12 pushed OK (ahead was 1 commits)
2026-09-16 06:00:07 committed hourly data
2026-09-16 06:00:14 pushed OK (ahead was 1 commits)
2026-09-16 07:00:06 committed hourly data
2026-09-16 07:00:15 pushed OK (ahead was 1 commits)
2026-09-16 08:00:06 committed hourly data
2026-09-16 08:00:11 push FAILED: fatal: unable to access 'https://github.com/OrekiYuta/router-metrics-monitor.git/': OpenSSL SSL_connect: SSL_ERROR_SYSCALL in connection to github.com:443
2026-09-16 09:00:05 committed hourly data
2026-09-16 09:00:11 push FAILED: fatal: unable to access 'https://github.com/OrekiYuta/router-metrics-monitor.git/': OpenSSL SSL_connect: SSL_ERROR_SYSCALL in connection to github.com:443
2026-09-16 10:00:06 committed hourly data
2026-09-16 10:00:16 pushed OK (ahead was 3 commits)
2026-09-16 11:00:05 committed hourly data
2026-09-16 11:00:11 pushed OK (ahead was 1 commits)
2026-09-16 12:00:05 committed hourly data
2026-09-16 12:00:09 pushed OK (ahead was 1 commits)
2026-09-16 13:00:06 committed hourly data
2026-09-16 13:00:12 pushed OK (ahead was 1 commits)
2026-09-16 14:00:05 committed hourly data
2026-09-16 14:00:11 push FAILED: fatal: unable to access 'https://github.com/OrekiYuta/router-metrics-monitor.git/': OpenSSL SSL_connect: SSL_ERROR_SYSCALL in connection to github.com:443
2026-09-16 15:00:06 committed hourly data
2026-09-16 15:00:48 pushed OK (ahead was 2 commits)
2026-09-16 16:00:07 committed hourly data
2026-09-16 16:02:43 push FAILED: fatal: unable to access 'https://github.com/OrekiYuta/router-metrics-monitor.git/': OpenSSL SSL_connect: SSL_ERROR_SYSCALL in connection to github.com:443
2026-09-16 17:00:07 committed hourly data
2026-09-16 17:00:16 pushed OK (ahead was 2 commits)
2026-09-16 18:00:03 committed hourly data
2026-09-16 18:00:09 pushed OK (ahead was 1 commits)
2026-09-16 19:00:02 committed hourly data
2026-09-16 19:00:08 pushed OK (ahead was 1 commits)
2026-09-16 20:00:06 committed hourly data
2026-09-16 20:00:12 pushed OK (ahead was 1 commits)
2026-09-16 21:00:04 committed hourly data
2026-09-16 21:00:11 pushed OK (ahead was 1 commits)
2026-09-16 23:00:06 committed hourly data
2026-09-16 23:00:14 pushed OK (ahead was 1 commits)
2026-09-17 00:00:05 committed hourly data
2026-09-17 00:00:11 push FAILED: fatal: unable to access 'https://github.com/OrekiYuta/router-metrics-monitor.git/': OpenSSL SSL_connect: SSL_ERROR_SYSCALL in connection to github.com:443
2026-09-17 01:00:02 committed hourly data
2026-09-17 01:00:09 pushed OK (ahead was 2 commits)
2026-09-17 02:00:04 committed hourly data
2026-09-17 02:00:10 push FAILED: fatal: unable to access 'https://github.com/OrekiYuta/router-metrics-monitor.git/': OpenSSL SSL_connect: SSL_ERROR_SYSCALL in connection to github.com:443
2026-09-17 03:00:08 committed hourly data
2026-09-17 03:00:21 pushed OK (ahead was 2 commits)
2026-09-17 04:00:04 committed hourly data
2026-09-17 04:00:10 push FAILED: fatal: unable to access 'https://github.com/OrekiYuta/router-metrics-monitor.git/': OpenSSL SSL_connect: SSL_ERROR_SYSCALL in connection to github.com:443
2026-09-17 05:00:04 committed hourly data
2026-09-17 05:00:10 push FAILED: fatal: unable to access 'https://github.com/OrekiYuta/router-metrics-monitor.git/': OpenSSL SSL_connect: SSL_ERROR_SYSCALL in connection to github.com:443
2026-09-17 06:00:04 committed hourly data
2026-09-17 06:00:09 push FAILED: fatal: unable to access 'https://github.com/OrekiYuta/router-metrics-monitor.git/': OpenSSL SSL_connect: SSL_ERROR_SYSCALL in connection to github.com:443
2026-09-17 07:00:02 committed hourly data
2026-09-17 07:00:13 pushed OK (ahead was 4 commits)
2026-09-17 08:00:04 committed hourly data
2026-09-17 08:00:09 pushed OK (ahead was 1 commits)
2026-09-17 09:00:05 committed hourly data
2026-09-17 09:00:11 pushed OK (ahead was 1 commits)
2026-09-17 10:00:06 committed hourly data
2026-09-17 10:00:12 pushed OK (ahead was 1 commits)
2026-09-17 11:00:05 committed hourly data
2026-09-17 11:00:11 push FAILED: fatal: unable to access 'https://github.com/OrekiYuta/router-metrics-monitor.git/': OpenSSL SSL_connect: SSL_ERROR_SYSCALL in connection to github.com:443
2026-09-17 12:00:05 committed hourly data
2026-09-17 12:00:11 pushed OK (ahead was 2 commits)
2026-09-17 13:00:05 committed hourly data
2026-09-17 13:00:11 pushed OK (ahead was 1 commits)
2026-09-17 14:00:05 committed hourly data
2026-09-17 14:00:12 pushed OK (ahead was 1 commits)
2026-09-17 15:00:02 committed hourly data
2026-09-17 15:00:10 pushed OK (ahead was 1 commits)
2026-09-17 16:00:02 committed hourly data
2026-09-17 16:00:06 pushed OK (ahead was 1 commits)
2026-09-17 17:00:02 committed hourly data
2026-09-17 17:00:06 pushed OK (ahead was 1 commits)
2026-09-17 18:00:02 committed hourly data
2026-09-17 18:00:07 push FAILED: fatal: unable to access 'https://github.com/OrekiYuta/router-metrics-monitor.git/': OpenSSL SSL_connect: SSL_ERROR_SYSCALL in connection to github.com:443
2026-09-17 19:00:02 committed hourly data
2026-09-17 19:00:08 push FAILED: fatal: unable to access 'https://github.com/OrekiYuta/router-metrics-monitor.git/': OpenSSL SSL_connect: SSL_ERROR_SYSCALL in connection to github.com:443
2026-09-17 20:00:02 committed hourly data
2026-09-17 20:00:08 pushed OK (ahead was 3 commits)
2026-09-17 21:00:02 committed hourly data
2026-09-17 21:00:07 push FAILED: fatal: unable to access 'https://github.com/OrekiYuta/router-metrics-monitor.git/': OpenSSL SSL_connect: SSL_ERROR_SYSCALL in connection to github.com:443
2026-09-17 22:00:02 committed hourly data
2026-09-17 22:00:09 pushed OK (ahead was 2 commits)
2026-09-17 23:00:02 committed hourly data
2026-09-17 23:00:07 push FAILED: fatal: unable to access 'https://github.com/OrekiYuta/router-metrics-monitor.git/': OpenSSL SSL_connect: SSL_ERROR_SYSCALL in connection to github.com:443
2026-09-18 00:00:06 committed hourly data
2026-09-18 00:00:15 pushed OK (ahead was 2 commits)
2026-09-18 01:00:06 committed hourly data
2026-09-18 01:00:12 pushed OK (ahead was 1 commits)
2026-09-18 02:00:06 committed hourly data
2026-09-18 02:00:12 pushed OK (ahead was 1 commits)
2026-09-18 03:00:10 committed hourly data
2026-09-18 03:00:17 pushed OK (ahead was 1 commits)
2026-09-18 04:00:05 committed hourly data
2026-09-18 04:00:11 push FAILED: fatal: unable to access 'https://github.com/OrekiYuta/router-metrics-monitor.git/': OpenSSL SSL_connect: SSL_ERROR_SYSCALL in connection to github.com:443
2026-09-18 05:00:05 committed hourly data
2026-09-18 05:00:11 push FAILED: fatal: unable to access 'https://github.com/OrekiYuta/router-metrics-monitor.git/': OpenSSL SSL_connect: SSL_ERROR_SYSCALL in connection to github.com:443
2026-09-18 06:00:05 committed hourly data
2026-09-18 06:00:10 push FAILED: fatal: unable to access 'https://github.com/OrekiYuta/router-metrics-monitor.git/': OpenSSL SSL_connect: SSL_ERROR_SYSCALL in connection to github.com:443
2026-09-18 07:00:02 committed hourly data
2026-09-18 07:00:07 push FAILED: fatal: unable to access 'https://github.com/OrekiYuta/router-metrics-monitor.git/': OpenSSL SSL_connect: SSL_ERROR_SYSCALL in connection to github.com:443
2026-09-18 08:00:02 committed hourly data
2026-09-18 08:00:07 push FAILED: fatal: unable to access 'https://github.com/OrekiYuta/router-metrics-monitor.git/': OpenSSL SSL_connect: SSL_ERROR_SYSCALL in connection to github.com:443
2026-09-18 09:00:02 committed hourly data
2026-09-18 09:00:07 push FAILED: fatal: unable to access 'https://github.com/OrekiYuta/router-metrics-monitor.git/': OpenSSL SSL_connect: SSL_ERROR_SYSCALL in connection to github.com:443
2026-09-18 10:00:02 committed hourly data
2026-09-18 10:00:13 pushed OK (ahead was 7 commits)
2026-09-18 11:00:07 committed hourly data
2026-09-18 11:00:13 pushed OK (ahead was 1 commits)
2026-09-18 12:00:07 committed hourly data
2026-09-18 12:00:14 pushed OK (ahead was 1 commits)
2026-09-18 13:00:02 committed hourly data
2026-09-18 13:00:08 pushed OK (ahead was 1 commits)
2026-09-18 14:00:02 committed hourly data
2026-09-18 14:00:08 pushed OK (ahead was 1 commits)
2026-09-18 15:00:02 committed hourly data
2026-09-18 15:00:08 pushed OK (ahead was 1 commits)
2026-09-18 16:00:02 committed hourly data
2026-09-18 16:00:08 pushed OK (ahead was 1 commits)
2026-09-18 17:00:02 committed hourly data
2026-09-18 17:00:08 pushed OK (ahead was 1 commits)
2026-09-18 18:00:02 committed hourly data
2026-09-18 18:00:08 pushed OK (ahead was 1 commits)
2026-09-18 19:00:02 committed hourly data
2026-09-18 19:00:08 pushed OK (ahead was 1 commits)
2026-09-18 20:00:09 committed hourly data
2026-09-18 20:00:15 pushed OK (ahead was 1 commits)
2026-09-18 21:00:06 committed hourly data
2026-09-18 21:00:11 pushed OK (ahead was 1 commits)
2026-09-18 22:00:06 committed hourly data
2026-09-18 22:00:15 pushed OK (ahead was 1 commits)
2026-09-18 23:00:06 committed hourly data
2026-09-18 23:00:11 push FAILED: fatal: unable to access 'https://github.com/OrekiYuta/router-metrics-monitor.git/': OpenSSL SSL_connect: SSL_ERROR_SYSCALL in connection to github.com:443
2026-09-19 00:00:05 push FAILED: Command failed: git add public/data logs
2026-09-19 01:00:10 committed hourly data
2026-09-19 01:00:26 pushed OK (ahead was 2 commits)
2026-09-19 02:00:06 committed hourly data
2026-09-19 02:00:13 pushed OK (ahead was 1 commits)
2026-09-19 03:00:09 committed hourly data
2026-09-19 03:00:17 pushed OK (ahead was 1 commits)
2026-09-19 04:00:07 committed hourly data
2026-09-19 04:00:12 pushed OK (ahead was 1 commits)
2026-09-19 05:00:06 committed hourly data
2026-09-19 05:00:12 pushed OK (ahead was 1 commits)
2026-09-19 06:01:33 committed hourly data
2026-09-19 06:01:38 pushed OK (ahead was 1 commits)
2026-09-19 07:00:07 committed hourly data
2026-09-19 07:00:13 pushed OK (ahead was 1 commits)
2026-09-19 08:00:05 committed hourly data
2026-09-19 08:00:11 pushed OK (ahead was 1 commits)
2026-09-19 09:00:05 committed hourly data
2026-09-19 09:00:10 pushed OK (ahead was 1 commits)
2026-09-19 10:00:05 committed hourly data
2026-09-19 10:00:12 pushed OK (ahead was 1 commits)
2026-09-19 11:00:05 committed hourly data
2026-09-19 11:00:10 pushed OK (ahead was 1 commits)
2026-09-19 12:00:05 committed hourly data
2026-09-19 12:00:16 pushed OK (ahead was 1 commits)
2026-09-19 13:00:02 committed hourly data
2026-09-19 13:00:07 pushed OK (ahead was 1 commits)
2026-09-19 14:00:02 committed hourly data
2026-09-19 14:00:08 pushed OK (ahead was 1 commits)
2026-09-19 15:00:05 committed hourly data
2026-09-19 15:00:10 pushed OK (ahead was 1 commits)
2026-09-19 16:00:06 committed hourly data
2026-09-19 16:00:11 pushed OK (ahead was 1 commits)
2026-09-19 17:00:05 committed hourly data
2026-09-19 17:00:10 pushed OK (ahead was 1 commits)
2026-09-19 18:00:02 committed hourly data
2026-09-19 18:00:07 pushed OK (ahead was 1 commits)
2026-09-19 19:00:05 committed hourly data
2026-09-19 19:00:10 pushed OK (ahead was 1 commits)
2026-09-19 20:00:05 committed hourly data
2026-09-19 20:00:10 pushed OK (ahead was 1 commits)
2026-09-19 21:00:07 committed hourly data
2026-09-19 21:00:12 pushed OK (ahead was 1 commits)
2026-09-19 22:00:03 committed hourly data
2026-09-19 22:00:08 pushed OK (ahead was 1 commits)
2026-09-19 23:00:09 committed hourly data
2026-09-19 23:00:14 pushed OK (ahead was 1 commits)
2026-09-20 00:00:05 committed hourly data
2026-09-20 00:00:10 pushed OK (ahead was 1 commits)
2026-09-20 01:00:06 committed hourly data
2026-09-20 01:00:11 pushed OK (ahead was 1 commits)
2026-09-20 02:00:05 committed hourly data
2026-09-20 02:00:10 pushed OK (ahead was 1 commits)
2026-09-20 03:00:08 committed hourly data
2026-09-20 03:00:13 pushed OK (ahead was 1 commits)
2026-09-20 04:00:06 committed hourly data
2026-09-20 04:00:10 pushed OK (ahead was 1 commits)
2026-09-20 05:00:04 committed hourly data
2026-09-20 05:00:08 pushed OK (ahead was 1 commits)
2026-09-20 06:00:03 committed hourly data
2026-09-20 06:00:07 pushed OK (ahead was 1 commits)
2026-09-20 07:00:03 committed hourly data
2026-09-20 07:00:08 pushed OK (ahead was 1 commits)
2026-09-20 08:00:03 committed hourly data
2026-09-20 08:00:08 pushed OK (ahead was 1 commits)
2026-09-20 09:00:04 committed hourly data
2026-09-20 09:00:08 pushed OK (ahead was 1 commits)
2026-09-20 10:00:03 committed hourly data
2026-09-20 10:00:08 pushed OK (ahead was 1 commits)
2026-09-20 11:00:04 committed hourly data
2026-09-20 11:00:08 pushed OK (ahead was 1 commits)
2026-09-20 12:00:03 committed hourly data
2026-09-20 12:00:07 pushed OK (ahead was 1 commits)
2026-09-20 13:00:04 committed hourly data
2026-09-20 13:00:09 pushed OK (ahead was 1 commits)
2026-09-20 14:00:04 committed hourly data
2026-09-20 14:00:08 pushed OK (ahead was 1 commits)
2026-09-20 15:00:02 committed hourly data
2026-09-20 15:00:06 pushed OK (ahead was 1 commits)
2026-09-20 16:00:02 committed hourly data
2026-09-20 16:00:07 pushed OK (ahead was 1 commits)
2026-09-20 17:00:02 committed hourly data
2026-09-20 17:00:06 pushed OK (ahead was 1 commits)
2026-09-20 18:00:02 committed hourly data
2026-09-20 18:00:07 pushed OK (ahead was 1 commits)
2026-09-20 19:00:02 committed hourly data
2026-09-20 19:00:06 pushed OK (ahead was 1 commits)
2026-09-20 20:00:02 committed hourly data
2026-09-20 20:00:07 pushed OK (ahead was 1 commits)
2026-09-20 21:00:06 committed hourly data
2026-09-20 21:00:11 pushed OK (ahead was 1 commits)
2026-09-20 22:00:04 committed hourly data
2026-09-20 22:00:11 pushed OK (ahead was 1 commits)
2026-09-20 23:00:03 committed hourly data
2026-09-20 23:00:08 pushed OK (ahead was 1 commits)
2026-09-21 00:11:08 committed hourly data
2026-09-21 00:11:14 pushed OK (ahead was 1 commits)
2026-09-21 01:00:03 committed hourly data
2026-09-21 01:00:07 pushed OK (ahead was 1 commits)
2026-09-21 02:00:02 committed hourly data
2026-09-21 02:00:07 pushed OK (ahead was 1 commits)
2026-09-21 03:00:07 committed hourly data
2026-09-21 03:00:18 pushed OK (ahead was 1 commits)
2026-09-21 04:00:05 committed hourly data
2026-09-21 04:00:10 pushed OK (ahead was 1 commits)
2026-09-21 05:00:04 committed hourly data
2026-09-21 05:00:09 pushed OK (ahead was 1 commits)
2026-09-21 06:00:03 committed hourly data
2026-09-21 06:00:08 pushed OK (ahead was 1 commits)
2026-09-21 07:00:04 committed hourly data
2026-09-21 07:00:08 pushed OK (ahead was 1 commits)
2026-09-21 08:00:03 committed hourly data
2026-09-21 08:00:08 pushed OK (ahead was 1 commits)
2026-09-21 09:00:03 committed hourly data
2026-09-21 09:00:09 pushed OK (ahead was 1 commits)
2026-09-21 10:00:03 committed hourly data
2026-09-21 10:00:08 pushed OK (ahead was 1 commits)
2026-09-21 11:00:02 committed hourly data
2026-09-21 11:00:07 pushed OK (ahead was 1 commits)
2026-09-21 12:00:04 committed hourly data
2026-09-21 12:00:09 pushed OK (ahead was 1 commits)
2026-09-21 13:00:04 committed hourly data
2026-09-21 13:00:09 pushed OK (ahead was 1 commits)
2026-09-21 14:00:03 committed hourly data
2026-09-21 14:00:08 pushed OK (ahead was 1 commits)
2026-09-21 15:00:03 committed hourly data
2026-09-21 15:00:08 pushed OK (ahead was 1 commits)
2026-09-21 16:00:03 committed hourly data
2026-09-21 16:00:08 pushed OK (ahead was 1 commits)
2026-09-21 17:00:04 committed hourly data
2026-09-21 17:00:09 pushed OK (ahead was 1 commits)
2026-09-21 18:00:02 committed hourly data
2026-09-21 18:00:08 pushed OK (ahead was 1 commits)
2026-09-21 19:00:06 committed hourly data
2026-09-21 19:00:11 pushed OK (ahead was 1 commits)
2026-09-21 20:00:05 committed hourly data
2026-09-21 20:00:10 pushed OK (ahead was 1 commits)
2026-09-21 21:00:05 committed hourly data
2026-09-21 21:00:11 pushed OK (ahead was 1 commits)
2026-09-21 22:00:05 committed hourly data
2026-09-21 22:00:13 pushed OK (ahead was 1 commits)
2026-09-21 23:00:05 committed hourly data
2026-09-21 23:00:13 pushed OK (ahead was 1 commits)
2026-09-22 00:00:05 committed hourly data
2026-09-22 00:00:13 pushed OK (ahead was 1 commits)
2026-09-22 01:00:06 committed hourly data
2026-09-22 01:00:12 pushed OK (ahead was 1 commits)
2026-09-22 02:00:05 committed hourly data
2026-09-22 02:00:11 pushed OK (ahead was 1 commits)
2026-09-22 03:00:03 committed hourly data
2026-09-22 03:00:08 pushed OK (ahead was 1 commits)
2026-09-22 04:00:02 committed hourly data
2026-09-22 04:00:08 pushed OK (ahead was 1 commits)
2026-09-22 05:00:05 committed hourly data
2026-09-22 05:00:11 pushed OK (ahead was 1 commits)
2026-09-22 06:00:02 committed hourly data
2026-09-22 06:00:08 pushed OK (ahead was 1 commits)
2026-09-22 07:00:05 committed hourly data
2026-09-22 07:00:10 pushed OK (ahead was 1 commits)
2026-09-22 08:00:04 committed hourly data
2026-09-22 08:00:09 pushed OK (ahead was 1 commits)
2026-09-22 09:00:04 committed hourly data
2026-09-22 09:00:09 pushed OK (ahead was 1 commits)
2026-09-22 10:00:05 committed hourly data
2026-09-22 10:00:11 pushed OK (ahead was 1 commits)
2026-09-22 11:00:05 committed hourly data
2026-09-22 11:00:10 pushed OK (ahead was 1 commits)
2026-09-22 12:00:04 committed hourly data
2026-09-22 12:00:09 pushed OK (ahead was 1 commits)
2026-09-22 13:00:05 committed hourly data
2026-09-22 13:00:11 pushed OK (ahead was 1 commits)
2026-09-22 14:00:04 committed hourly data
2026-09-22 14:00:23 pushed OK (ahead was 1 commits)
2026-09-22 15:00:02 committed hourly data
2026-09-22 15:00:20 pushed OK (ahead was 1 commits)
2026-09-22 16:00:04 committed hourly data
2026-09-22 16:00:10 pushed OK (ahead was 1 commits)
2026-09-22 17:00:05 committed hourly data
2026-09-22 17:00:11 pushed OK (ahead was 1 commits)
2026-09-22 18:00:06 committed hourly data
2026-09-22 18:00:13 pushed OK (ahead was 1 commits)
2026-09-22 19:00:06 committed hourly data
2026-09-22 19:00:12 pushed OK (ahead was 1 commits)
2026-09-22 20:00:02 committed hourly data
2026-09-22 20:00:08 pushed OK (ahead was 1 commits)
2026-09-22 21:00:03 committed hourly data
2026-09-22 21:00:09 pushed OK (ahead was 1 commits)
2026-09-22 22:00:03 committed hourly data
2026-09-22 22:00:09 pushed OK (ahead was 1 commits)
2026-09-22 23:00:04 committed hourly data
2026-09-22 23:00:11 pushed OK (ahead was 1 commits)
2026-09-23 00:00:04 committed hourly data
2026-09-23 00:00:16 pushed OK (ahead was 1 commits)
2026-09-23 01:00:04 committed hourly data
2026-09-23 01:00:11 pushed OK (ahead was 1 commits)
2026-09-23 02:00:05 committed hourly data
2026-09-23 02:00:12 pushed OK (ahead was 1 commits)
2026-09-23 03:00:03 committed hourly data
2026-09-23 03:00:09 pushed OK (ahead was 1 commits)
2026-09-23 04:00:02 committed hourly data
2026-09-23 04:00:07 pushed OK (ahead was 1 commits)
2026-09-23 05:00:05 committed hourly data
2026-09-23 05:00:11 pushed OK (ahead was 1 commits)
2026-09-23 06:00:04 committed hourly data
2026-09-23 06:00:09 pushed OK (ahead was 1 commits)
2026-09-23 07:00:02 committed hourly data
2026-09-23 07:00:07 pushed OK (ahead was 1 commits)
2026-09-23 08:00:02 committed hourly data
2026-09-23 08:00:07 pushed OK (ahead was 1 commits)
2026-09-23 09:00:04 committed hourly data
2026-09-23 09:00:09 pushed OK (ahead was 1 commits)
2026-09-23 10:00:05 committed hourly data
2026-09-23 10:00:11 pushed OK (ahead was 1 commits)
2026-09-23 11:00:07 committed hourly data
2026-09-23 11:00:12 pushed OK (ahead was 1 commits)
2026-09-23 12:00:05 committed hourly data
2026-09-23 12:00:10 pushed OK (ahead was 1 commits)
2026-09-23 13:00:05 committed hourly data
2026-09-23 13:00:10 pushed OK (ahead was 1 commits)
2026-09-23 14:00:02 committed hourly data
2026-09-23 14:00:07 pushed OK (ahead was 1 commits)
2026-09-23 15:00:03 committed hourly data
2026-09-23 15:00:10 pushed OK (ahead was 1 commits)
2026-09-23 16:00:04 committed hourly data
2026-09-23 16:00:09 pushed OK (ahead was 1 commits)
2026-09-23 17:00:04 committed hourly data
2026-09-23 17:00:10 pushed OK (ahead was 1 commits)
2026-09-23 18:00:02 committed hourly data
2026-09-23 18:00:07 pushed OK (ahead was 1 commits)
2026-09-23 19:00:02 committed hourly data
2026-09-23 19:00:07 pushed OK (ahead was 1 commits)
2026-09-23 20:00:02 committed hourly data
2026-09-23 20:00:07 pushed OK (ahead was 1 commits)
2026-09-23 21:00:02 committed hourly data
2026-09-23 21:00:08 pushed OK (ahead was 1 commits)
2026-09-23 22:00:02 committed hourly data
2026-09-23 22:00:09 pushed OK (ahead was 1 commits)
2026-09-23 23:00:02 committed hourly data
2026-09-23 23:00:09 pushed OK (ahead was 1 commits)
2026-09-24 00:00:06 committed hourly data
2026-09-24 00:00:14 pushed OK (ahead was 1 commits)
2026-09-24 01:00:05 committed hourly data
2026-09-24 01:00:10 pushed OK (ahead was 1 commits)
2026-09-24 02:00:02 committed hourly data
2026-09-24 02:00:09 pushed OK (ahead was 1 commits)
2026-09-24 03:00:03 committed hourly data
2026-09-24 03:00:08 pushed OK (ahead was 1 commits)
2026-09-24 04:00:02 committed hourly data
2026-09-24 04:00:08 pushed OK (ahead was 1 commits)
2026-09-24 05:00:07 committed hourly data
2026-09-24 05:00:14 pushed OK (ahead was 1 commits)
2026-09-24 06:00:05 committed hourly data
2026-09-24 06:00:10 pushed OK (ahead was 1 commits)
2026-09-24 07:00:05 committed hourly data
2026-09-24 07:00:10 pushed OK (ahead was 1 commits)
2026-09-24 08:00:05 committed hourly data
2026-09-24 08:00:10 pushed OK (ahead was 1 commits)
2026-09-24 09:00:04 committed hourly data
2026-09-24 09:00:09 pushed OK (ahead was 1 commits)
2026-09-24 10:00:04 committed hourly data
2026-09-24 10:00:09 pushed OK (ahead was 1 commits)
2026-09-24 11:00:02 committed hourly data
2026-09-24 11:00:07 pushed OK (ahead was 1 commits)
2026-09-24 12:00:02 committed hourly data
2026-09-24 12:00:06 pushed OK (ahead was 1 commits)
2026-09-24 13:00:05 committed hourly data
2026-09-24 13:00:09 pushed OK (ahead was 1 commits)
2026-09-24 14:00:05 committed hourly data
2026-09-24 14:00:10 pushed OK (ahead was 1 commits)
2026-09-24 15:00:04 committed hourly data
2026-09-24 15:00:09 pushed OK (ahead was 1 commits)
2026-09-24 16:00:05 committed hourly data
2026-09-24 16:00:10 pushed OK (ahead was 1 commits)
2026-09-24 17:00:05 committed hourly data
2026-09-24 17:00:11 pushed OK (ahead was 1 commits)
2026-09-24 18:00:05 committed hourly data
2026-09-24 18:00:10 pushed OK (ahead was 1 commits)
2026-09-24 19:00:05 committed hourly data
2026-09-24 19:00:10 pushed OK (ahead was 1 commits)
2026-09-24 20:00:02 committed hourly data
2026-09-24 20:00:08 pushed OK (ahead was 1 commits)
2026-09-24 21:00:04 committed hourly data
2026-09-24 21:00:10 pushed OK (ahead was 1 commits)
2026-09-24 22:00:02 committed hourly data
2026-09-24 22:00:08 pushed OK (ahead was 1 commits)
2026-09-24 23:00:04 committed hourly data
2026-09-24 23:00:14 pushed OK (ahead was 1 commits)
2026-09-25 00:00:04 committed hourly data
2026-09-25 00:00:12 pushed OK (ahead was 1 commits)
2026-09-25 01:00:04 committed hourly data
2026-09-25 01:00:11 pushed OK (ahead was 1 commits)
2026-09-25 02:00:02 committed hourly data
2026-09-25 02:00:08 pushed OK (ahead was 1 commits)
2026-09-25 03:00:08 committed hourly data
2026-09-25 03:00:17 pushed OK (ahead was 1 commits)
2026-09-25 04:00:05 committed hourly data
2026-09-25 04:00:11 pushed OK (ahead was 1 commits)
2026-09-25 05:00:04 committed hourly data
2026-09-25 05:00:11 pushed OK (ahead was 1 commits)
2026-09-25 06:00:04 committed hourly data
2026-09-25 06:00:10 pushed OK (ahead was 1 commits)
2026-09-25 07:00:04 committed hourly data
2026-09-25 07:00:09 pushed OK (ahead was 1 commits)
2026-09-25 08:00:04 committed hourly data
2026-09-25 08:00:09 pushed OK (ahead was 1 commits)
2026-09-25 09:00:04 committed hourly data
2026-09-25 09:00:09 pushed OK (ahead was 1 commits)
2026-09-25 10:00:04 committed hourly data
2026-09-25 10:00:08 pushed OK (ahead was 1 commits)
2026-09-25 11:00:05 committed hourly data
2026-09-25 11:00:10 pushed OK (ahead was 1 commits)
2026-09-25 12:00:02 committed hourly data
2026-09-25 12:00:07 pushed OK (ahead was 1 commits)
2026-09-25 13:00:02 committed hourly data
2026-09-25 13:00:07 pushed OK (ahead was 1 commits)
2026-09-25 14:00:02 committed hourly data
2026-09-25 14:00:06 pushed OK (ahead was 1 commits)
2026-09-25 15:00:05 committed hourly data
2026-09-25 15:00:11 pushed OK (ahead was 1 commits)
2026-09-25 16:00:04 committed hourly data
2026-09-25 16:00:09 pushed OK (ahead was 1 commits)
2026-09-25 17:00:05 committed hourly data
2026-09-25 17:00:10 pushed OK (ahead was 1 commits)
2026-09-25 18:00:02 committed hourly data
2026-09-25 18:00:07 pushed OK (ahead was 1 commits)
2026-09-25 19:00:02 committed hourly data
2026-09-25 19:00:07 pushed OK (ahead was 1 commits)
2026-09-25 20:00:02 committed hourly data
2026-09-25 20:00:06 pushed OK (ahead was 1 commits)
2026-09-25 21:00:02 committed hourly data
2026-09-25 21:00:07 pushed OK (ahead was 1 commits)
2026-09-25 22:00:02 committed hourly data
2026-09-25 22:00:07 pushed OK (ahead was 1 commits)
2026-09-25 23:00:06 committed hourly data
2026-09-25 23:00:13 pushed OK (ahead was 1 commits)
2026-09-26 00:00:06 committed hourly data
2026-09-26 00:00:11 pushed OK (ahead was 1 commits)
2026-09-26 01:00:05 committed hourly data
2026-09-26 01:00:11 pushed OK (ahead was 1 commits)
2026-09-26 02:00:03 committed hourly data
2026-09-26 02:00:08 pushed OK (ahead was 1 commits)
2026-09-26 03:00:03 committed hourly data
2026-09-26 03:00:08 pushed OK (ahead was 1 commits)
2026-09-26 04:00:05 committed hourly data
2026-09-26 04:00:10 pushed OK (ahead was 1 commits)
2026-09-26 05:00:06 committed hourly data
2026-09-26 05:00:11 pushed OK (ahead was 1 commits)
2026-09-26 06:00:04 committed hourly data
2026-09-26 06:00:10 push FAILED: fatal: unable to access 'https://github.com/OrekiYuta/router-metrics-monitor.git/': OpenSSL SSL_connect: SSL_ERROR_SYSCALL in connection to github.com:443
2026-09-26 07:00:05 committed hourly data
2026-09-26 07:00:15 pushed OK (ahead was 2 commits)
2026-09-26 08:00:06 committed hourly data
2026-09-26 08:00:12 pushed OK (ahead was 1 commits)
2026-09-26 09:00:06 committed hourly data
2026-09-26 09:00:12 pushed OK (ahead was 1 commits)
2026-09-26 10:00:06 committed hourly data
2026-09-26 10:00:12 pushed OK (ahead was 1 commits)
2026-09-26 11:00:17 committed hourly data
2026-09-26 11:00:25 pushed OK (ahead was 1 commits)
2026-09-26 12:00:06 committed hourly data
2026-09-26 12:00:12 pushed OK (ahead was 1 commits)
2026-09-26 13:00:07 committed hourly data
2026-09-26 13:00:14 pushed OK (ahead was 1 commits)
2026-09-26 14:00:05 committed hourly data
2026-09-26 14:00:11 pushed OK (ahead was 1 commits)
2026-09-26 15:00:07 committed hourly data
2026-09-26 15:00:13 pushed OK (ahead was 1 commits)
2026-09-26 16:00:04 committed hourly data
2026-09-26 16:00:09 pushed OK (ahead was 1 commits)
2026-09-26 17:00:02 committed hourly data
2026-09-26 17:00:07 pushed OK (ahead was 1 commits)
2026-09-26 18:00:02 committed hourly data
2026-09-26 18:00:06 pushed OK (ahead was 1 commits)
2026-09-26 19:00:04 committed hourly data
2026-09-26 19:00:09 pushed OK (ahead was 1 commits)
2026-09-26 20:00:02 committed hourly data
2026-09-26 20:00:06 pushed OK (ahead was 1 commits)
2026-09-26 21:00:02 committed hourly data
2026-09-26 21:00:07 pushed OK (ahead was 1 commits)
